
> sommaire@0.1.0 build
> next build

node.exe : ΓÜá Warning: 
Next.js inferred your 
workspace root, but it may 
not be correct.
At line:1 char:1
+ & "C:\Program 
Files\nodejs/node.exe" 
"C:\Program 
Files\nodejs/node_mo ...
+ ~~~~~~~~~~~~~~~~~~~~~~~~~
~~~~~~~~~~~~~~~~~~~~~~~~~~~
~~~~~~~~~~~~~~~~~
    + CategoryInfo         
     : NotSpecified: (ΓÜá  
   Warning: Ne...not be    
 correct.:String) [], R    
emoteException
    + FullyQualifiedErrorI 
   d : NativeCommandError
 
 We detected multiple 
lockfiles and selected the 
directory of C:\Users\hp993
\package-lock.json as the 
root directory.
 To silence this warning, 
set `turbopack.root` in 
your Next.js config, or 
consider removing one of 
the lockfiles if it's not 
needed.
   See https://nextjs.org/d
ocs/app/api-reference/confi
g/next-config-js/turbopack#
root-directory for more 
information.
 Detected additional 
lockfiles: 
   * C:\Users\hp993\OneDriv
e\Desktop\sommaire\sommaire
\package-lock.json

Γû▓ Next.js 16.2.1 (Turbopack)

ΓÜá The "middleware" file 
convention is deprecated. 
Please use "proxy" 
instead. Learn more: https:
//nextjs.org/docs/messages/
middleware-to-proxy
  Creating an optimized production build ...

> Build error occurred
Error: Turbopack build 
failed with 1 errors:
./OneDrive/Desktop/sommaire
/sommaire/middleware.js
Middleware is missing 
expected function export 
name
This function is what 
Next.js runs for every 
request handled by this 
middleware.

Why this happens:
- The file exists but 
doesn't export a function.
- The export is not a 
function (e.g., an object 
or constant).
- There's a syntax error 
preventing the export from 
being recognized.

To fix it:
- Ensure this file has 
either a default or 
"middleware" function 
export.

Learn more: https://nextjs.
org/docs/messages/middlewar
e-to-proxy


    at ignore-listed frames
